
=== shipping_order: docs=911 vecs=911 ===
벡터 통계: mean|x|=1.5735, 평균 쌍 코사인=1.0000, 중복벡터 수=908
null  mean: [0.1717 0.0113 0.0066]  sd: [0.0031 0.0017 0.0134]
rowid      signals=[ 0.1715  0.012  -0.0122]  z=[-0.1  0.4 -1.4]
docid_str  signals=[ 0.1689  0.0118 -0.0034]  z=[-0.9  0.3 -0.7]
docid_nat  signals=[ 0.1694  0.01   -0.0064]  z=[-0.7 -0.8 -1. ]
rowid_rev  signals=[0.1727 0.009  0.0071]  z=[ 0.3 -1.3  0. ]

=== warehouse_policy: docs=911 vecs=911 ===
벡터 통계: mean|x|=0.7982, 평균 쌍 코사인=0.0033, 중복벡터 수=0
null  mean: [0.779  0.0112 0.0011]  sd: [0.001  0.0018 0.0029]
rowid      signals=[0.778  0.0098 0.0018]  z=[-1.  -0.8  0.3]
docid_str  signals=[0.7804 0.0118 0.0054]  z=[1.5 0.3 1.5]
docid_nat  signals=[7.783e-01 1.100e-02 2.000e-04]  z=[-0.8 -0.1 -0.3]
rowid_rev  signals=[ 0.778   0.011  -0.0008]  z=[-1.1 -0.1 -0.6]

=== customer_requirement: docs=911 vecs=911 ===
벡터 통계: mean|x|=0.7981, 평균 쌍 코사인=0.0034, 중복벡터 수=0
null  mean: [4.738e-01 1.010e-02 3.000e-04]  sd: [0.0022 0.0015 0.0019]
rowid      signals=[ 0.4723  0.0095 -0.0007]  z=[-0.7 -0.4 -0.6]
docid_str  signals=[0.476  0.0103 0.0018]  z=[1.  0.1 0.8]
docid_nat  signals=[0.4761 0.0095 0.004 ]  z=[ 1.1 -0.4  2. ]
rowid_rev  signals=[0.4765 0.0095 0.0025]  z=[ 1.2 -0.4  1.2]
