nohup: ignoring input
[data] 동일 질의문+동일 정답 중복 제거: 2건
[data] N=160340 D=768 nq=6877 docs=714 sources=['contractnli', 'cuad', 'maud', 'privacy_qa']
[주의] 소스별 클러스터(계약서) 수: {'contractnli': 95, 'cuad': 461, 'maud': 150, 'privacy_qa': 7} -> 20개 미만이면 CI 신뢰도 낮음
[A] 표현 평가
  RPf32_B32      d=   8 mem=     4.9MiB lat=1.13ms ndcg=0.0010
  PCAf32_B32     d=   8 mem=     4.9MiB lat=0.78ms ndcg=0.0014
  RPsq8_B32      d=  32 mem=     4.9MiB lat=0.98ms ndcg=0.0178
  PCAsq8_B32     d=  32 mem=     4.9MiB lat=1.81ms ndcg=0.0164
  PQ_B32         d= 768 mem=     5.6MiB lat=2.12ms ndcg=0.0443
  RPf32_B64      d=  16 mem=     9.8MiB lat=1.39ms ndcg=0.0029
  PCAf32_B64     d=  16 mem=     9.8MiB lat=1.06ms ndcg=0.0055
  RPsq8_B64      d=  64 mem=     9.8MiB lat=1.61ms ndcg=0.0368
  PCAsq8_B64     d=  64 mem=     9.8MiB lat=1.61ms ndcg=0.0338
  PQ_B64         d= 768 mem=    10.5MiB lat=3.87ms ndcg=0.0692
  RPf32_B96      d=  24 mem=    14.7MiB lat=1.09ms ndcg=0.0079
  PCAf32_B96     d=  24 mem=    14.7MiB lat=1.63ms ndcg=0.0113
  RPsq8_B96      d=  96 mem=    14.7MiB lat=2.41ms ndcg=0.0500
  PCAsq8_B96     d=  96 mem=    14.7MiB lat=3.76ms ndcg=0.0501
  PQ_B96         d= 768 mem=    15.4MiB lat=6.91ms ndcg=0.0755
  RPf32_B192     d=  48 mem=    29.4MiB lat=2.19ms ndcg=0.0258
  PCAf32_B192    d=  48 mem=    29.4MiB lat=1.89ms ndcg=0.0247
  RPsq8_B192     d= 192 mem=    29.4MiB lat=5.24ms ndcg=0.0680
  PCAsq8_B192    d= 192 mem=    29.4MiB lat=5.02ms ndcg=0.0724
  PQ_B192        d= 768 mem=    30.1MiB lat=18.28ms ndcg=0.0843
  RPf32_B384     d=  96 mem=    58.7MiB lat=3.79ms ndcg=0.0502
  PCAf32_B384    d=  96 mem=    58.7MiB lat=3.90ms ndcg=0.0502
  RPsq8_B384     d= 384 mem=    58.7MiB lat=10.89ms ndcg=0.0780
  PCAsq8_B384    d= 384 mem=    58.7MiB lat=10.82ms ndcg=0.0838
  PQ_B384        d= 768 mem=    59.5MiB lat=42.33ms ndcg=0.0885
  RPf32_B768     d= 192 mem=   117.4MiB lat=8.10ms ndcg=0.0679
  PCAf32_B768    d= 192 mem=   117.4MiB lat=8.00ms ndcg=0.0725
  RPsq8_B768     d= 768 mem=   117.4MiB lat=21.55ms ndcg=0.0828
  PCAsq8_B768    d= 768 mem=   117.4MiB lat=20.97ms ndcg=0.0844
  PQ_B768        d= 768 mem=   118.2MiB lat=97.37ms ndcg=0.0889
  RPf32_B1536    d= 384 mem=   234.9MiB lat=16.39ms ndcg=0.0780
  PCAf32_B1536   d= 384 mem=   234.9MiB lat=16.72ms ndcg=0.0838
[B] 마진 모형 / ML
  [ML] 대상 구성: ['PCAf32_B384', 'RPf32_B384', 'PQ_B32']
[C] ANN 층
[판정 제외] 계약서 수 < 20: ['privacy_qa']

[EXPLORATORY] 완료 -> out_full/explore_A
                         id  estimate   p_holm               decision
                  H1a[B=16]  0.000334 0.166458          not supported
                  H1a[B=32] -0.000256 1.000000          not supported
                  H1a[B=64]  0.001234 0.059485          not supported
                  H1a[B=96]  0.001081 0.891027          not supported
                 H1a[B=192] -0.000535 1.000000          not supported
                 H1a[B=384] -0.000131 1.000000          not supported
                 H1a[B=768]  0.004029 0.041990              supported
                H1a[B=1536]  0.007031 0.005749              supported
                  H1b[B=32]  0.010439 0.005749              supported
                  H1b[B=64]  0.020193 0.005749              supported
                  H1b[B=96]  0.028788 0.005749              supported
                 H1b[B=192]  0.037326 0.005749              supported
                 H1b[B=384]  0.030168 0.005749              supported
                 H1b[B=768]  0.012570 0.005749              supported
      H3a[contractnli>cuad]  0.524780 0.005749              supported
      H3a[contractnli>maud]  0.016021 1.000000          not supported
H3a[contractnli>privacy_qa]  0.565448      NaN excluded(few clusters)
           H3b[contractnli]  0.120167 0.005749              supported
                  H3b[cuad]  0.439998 0.005749              supported
                  H3b[maud]  0.097871 0.005749              supported
            H3b[privacy_qa]  0.342135      NaN excluded(few clusters)
            H4[contractnli]  0.376204 0.005749              supported
                   H4[cuad]  0.185065 0.005749              supported
                   H4[maud]  0.164728 0.005749              supported
             H4[privacy_qa]  0.331871      NaN excluded(few clusters)
                         H5  0.068354 0.005749              supported
                        H2b  0.006797      NaN           inconclusive

[가설 단위 판정: 모든 비제외 행이 Holm 통과해야 supported]
 id  n_rows  n_pass  n_excluded      decision
H1a       8       2           0 not supported
H1b       6       6           0     supported
H1c       0       0           0      untested
H3a       2       1           1 not supported
H3b       3       3           1     supported
 H4       3       3           1     supported
 H5       1       1           0     supported
H2b       1       0           0  inconclusive
