[data] 동일 질의문+동일 정답 중복 제거: 2건
[data] N=160340 D=1024 nq=6877 docs=714 sources=['contractnli', 'cuad', 'maud', 'privacy_qa']
[준비] 구성 13개 | nproc=24
  rep 0: load1=28.9
  rep 1: load1=9.6
  rep 2: load1=7.1
  rep 3: load1=4.9
  rep 4: load1=4.0
  rep 5: load1=3.9
  rep 6: load1=3.7
       name  median     min     max  mem_mib
        raw  43.735  43.532  44.658  626.328
     PQ_B16   1.265   1.265   1.274    3.447
 PCAsq8_B23   6.325   6.312   6.374    3.517
     PQ_B32   1.984   1.982   2.078    5.893
 PCAsq8_B39  10.676  10.648  10.719    5.964
     PQ_B64   3.942   3.937   3.975   10.786
 PCAsq8_B71  20.313  20.304  20.371   10.857
    PQ_B128  10.261  10.237  10.301   20.573
PCAsq8_B135  36.605  36.563  36.624   20.644
    PQ_B256  26.450  26.403  26.760   40.146
PCAsq8_B263  72.842  72.770  73.446   40.218
    PQ_B512  62.051  61.834  63.152   79.291
PCAsq8_B519 142.780 142.614 143.224   79.365
