nq 6877 (기대 6877)
contractnli 계약서 95 질의 977
cuad 계약서 461 질의 4034
maud 계약서 150 질의 1674

=== 모델 A (정렬 확인 통과) 차이 a-b, 열=['contractnli', 'cuad', 'maud']+macro; *=CI가 0 제외(다중비교 보정 없음) ===
PQ_B16      -PCAsq8_B16   | +0.0009[-0.0029,+0.0045]  | +0.0261[+0.0215,+0.0309]* | +0.0005[-0.0006,+0.0015]  | +0.0091[+0.0072,+0.0112]*
PQ_B32      -PCAsq8_B32   | -0.0081[-0.0162,-0.0020]* | +0.0470[+0.0406,+0.0536]* | +0.0011[+0.0000,+0.0022]* | +0.0133[+0.0100,+0.0164]*
PQ_B64      -PCAsq8_B64   | +0.0081[-0.0027,+0.0183]  | +0.0556[+0.0490,+0.0622]* | +0.0021[+0.0006,+0.0036]* | +0.0219[+0.0178,+0.0262]*
PQ_B96      -PCAsq8_B96   | +0.0121[+0.0004,+0.0237]* | +0.0392[+0.0332,+0.0454]* | +0.0014[+0.0001,+0.0027]* | +0.0176[+0.0132,+0.0220]*
PQ_B192     -PCAsq8_B192  | +0.0082[-0.0014,+0.0183]  | +0.0180[+0.0138,+0.0222]* | +0.0007[-0.0004,+0.0018]  | +0.0090[+0.0056,+0.0125]*
PQ_B384     -PCAsq8_B384  | -0.0036[-0.0091,+0.0015]  | +0.0086[+0.0059,+0.0113]* | +0.0007[-0.0005,+0.0022]  | +0.0019[-0.0001,+0.0039] 
PQ_B768     -PCAsq8_B768  | -0.0047[-0.0101,-0.0000]* | +0.0085[+0.0061,+0.0111]* | +0.0003[-0.0008,+0.0016]  | +0.0014[-0.0006,+0.0033] 
PCAsq8_B384 -PCAf32_B1536 | -0.0002[-0.0007,+0.0004]  | -0.0000[-0.0004,+0.0003]  | -0.0001[-0.0002,+0.0000]  | -0.0001[-0.0003,+0.0001] 
PCAsq8_B384 -raw          | +0.0023[-0.0024,+0.0072]  | -0.0088[-0.0115,-0.0062]* | -0.0007[-0.0019,+0.0005]  | -0.0024[-0.0042,-0.0005]*
PCAsq8_B768 -raw          | +0.0053[+0.0003,+0.0105]* | -0.0085[-0.0111,-0.0060]* | -0.0004[-0.0016,+0.0007]  | -0.0012[-0.0031,+0.0008] 

보존율(raw 대비) 출처별 [95% CI]와 최악 출처 보존율
PCAsq8_B16   cont 0.042[0.017,0.072] cuad 0.045[0.033,0.058] maud 0.128[0.042,0.231] | worst 0.037[0.017,0.052]
PCAsq8_B32   cont 0.151[0.083,0.229] cuad 0.158[0.132,0.186] maud 0.308[0.174,0.471] | worst 0.138[0.083,0.176]
PCAsq8_B64   cont 0.300[0.198,0.412] cuad 0.363[0.323,0.404] maud 0.447[0.293,0.606] | worst 0.293[0.198,0.373]
PCAsq8_B96   cont 0.470[0.352,0.590] cuad 0.552[0.512,0.593] maud 0.606[0.456,0.760] | worst 0.464[0.352,0.557]
PCAsq8_B192  cont 0.772[0.679,0.863] cuad 0.812[0.780,0.844] maud 0.848[0.713,1.001] | worst 0.760[0.674,0.824]
PCAsq8_B384  cont 1.028[0.971,1.089] cuad 0.924[0.901,0.945] maud 0.913[0.774,1.070] | worst 0.888[0.774,0.939]
PCAsq8_B768  cont 1.065[1.004,1.134] cuad 0.927[0.905,0.947] maud 0.952[0.807,1.109] | worst 0.908[0.807,0.944]
PQ_B16       cont 0.054[0.023,0.099] cuad 0.270[0.232,0.312] maud 0.192[0.101,0.299] | worst 0.054[0.023,0.099]
PQ_B32       cont 0.053[0.020,0.098] cuad 0.564[0.519,0.611] maud 0.449[0.308,0.614] | worst 0.053[0.020,0.098]
PQ_B64       cont 0.399[0.280,0.537] cuad 0.843[0.806,0.880] maud 0.715[0.547,0.897] | worst 0.399[0.280,0.536]
PQ_B96       cont 0.617[0.512,0.716] cuad 0.891[0.862,0.921] maud 0.784[0.651,0.927] | worst 0.616[0.512,0.713]
PQ_B192      cont 0.872[0.792,0.944] cuad 0.968[0.952,0.984] maud 0.941[0.836,1.039] | worst 0.867[0.789,0.934]
PQ_B384      cont 0.985[0.959,1.010] cuad 0.998[0.991,1.006] maud 1.004[0.948,1.060] | worst 0.979[0.947,1.000]
PQ_B768      cont 1.006[0.996,1.018] cuad 1.000[0.996,1.005] maud 0.993[0.967,1.014] | worst 0.991[0.967,1.003]

=== 모델 B (정렬 확인 통과) 차이 a-b, 열=['contractnli', 'cuad', 'maud']+macro; *=CI가 0 제외(다중비교 보정 없음) ===
PQ_B16      -PCAsq8_B16   | -0.0005[-0.0035,+0.0024]  | +0.0175[+0.0128,+0.0223]* | +0.0002[-0.0008,+0.0012]  | +0.0057[+0.0038,+0.0076]*
PQ_B32      -PCAsq8_B32   | -0.0003[-0.0060,+0.0047]  | +0.0320[+0.0256,+0.0386]* | -0.0012[-0.0027,+0.0001]  | +0.0102[+0.0073,+0.0131]*
PQ_B64      -PCAsq8_B64   | +0.0005[-0.0075,+0.0093]  | +0.0362[+0.0279,+0.0448]* | -0.0004[-0.0018,+0.0009]  | +0.0121[+0.0083,+0.0162]*
PCAsq8_B384 -PCAf32_B1536 | -0.0003[-0.0013,+0.0006]  | +0.0004[-0.0000,+0.0009]  | -0.0000[-0.0002,+0.0002]  | +0.0000[-0.0004,+0.0004] 
PCAsq8_B384 -raw          | +0.0062[-0.0032,+0.0167]  | -0.0123[-0.0158,-0.0090]* | -0.0006[-0.0019,+0.0006]  | -0.0022[-0.0056,+0.0014] 
PCAsq8_B768 -raw          | +0.0186[+0.0084,+0.0300]* | -0.0155[-0.0190,-0.0122]* | -0.0006[-0.0019,+0.0008]  | +0.0008[-0.0027,+0.0048] 

보존율(raw 대비) 출처별 [95% CI]와 최악 출처 보존율
PCAsq8_B16   cont 0.043[0.020,0.070] cuad 0.045[0.035,0.057] maud 0.109[0.045,0.187] | worst 0.038[0.020,0.052]
PCAsq8_B32   cont 0.101[0.055,0.155] cuad 0.141[0.118,0.166] maud 0.241[0.131,0.374] | worst 0.099[0.055,0.143]
PCAsq8_B64   cont 0.203[0.131,0.290] cuad 0.354[0.320,0.389] maud 0.372[0.236,0.520] | worst 0.202[0.131,0.288]
PCAsq8_B96   cont 0.318[0.230,0.418] cuad 0.549[0.510,0.587] maud 0.573[0.410,0.752] | worst 0.318[0.230,0.418]
PCAsq8_B192  cont 0.667[0.558,0.793] cuad 0.846[0.816,0.875] maud 0.891[0.774,1.028] | worst 0.667[0.558,0.791]
PCAsq8_B384  cont 1.073[0.965,1.202] cuad 0.928[0.908,0.947] maud 0.941[0.827,1.070] | worst 0.909[0.827,0.943]
PCAsq8_B768  cont 1.214[1.100,1.355] cuad 0.909[0.890,0.928] maud 0.944[0.835,1.088] | worst 0.898[0.835,0.926]
PQ_B16       cont 0.039[0.018,0.069] cuad 0.147[0.122,0.174] maud 0.130[0.064,0.210] | worst 0.039[0.018,0.068]
PQ_B32       cont 0.099[0.053,0.162] cuad 0.327[0.296,0.360] maud 0.126[0.061,0.210] | worst 0.091[0.049,0.142]
PQ_B64       cont 0.209[0.127,0.318] cuad 0.565[0.528,0.602] maud 0.330[0.195,0.465] | worst 0.206[0.126,0.305]
