queries kept 6685 / 6879; sources: {'cuad': 4034, 'maud': 1674, 'contractnli': 977}
raw macro 0.0897
seed0 f32   B=  16 d=   4 macro=0.0004 ret=0.004 (1s)
seed0 f32   B=  32 d=   8 macro=0.0014 ret=0.016 (1s)
seed0 f32   B=  64 d=  16 macro=0.0039 ret=0.043 (1s)
seed0 f32   B=  96 d=  24 macro=0.0054 ret=0.061 (10s)
seed0 f32   B= 192 d=  48 macro=0.0142 ret=0.158 (11s)
seed0 f32   B= 384 d=  96 macro=0.0330 ret=0.368 (11s)
seed0 f32   B= 768 d= 192 macro=0.0588 ret=0.655 (14s)
seed0 fp16  B=  16 d=   8 macro=0.0014 ret=0.016 (1s)
seed0 fp16  B=  32 d=  16 macro=0.0039 ret=0.043 (1s)
seed0 fp16  B=  64 d=  32 macro=0.0086 ret=0.096 (1s)
seed0 fp16  B=  96 d=  48 macro=0.0142 ret=0.158 (1s)
seed0 fp16  B= 192 d=  96 macro=0.0330 ret=0.368 (2s)
seed0 fp16  B= 384 d= 192 macro=0.0588 ret=0.656 (4s)
seed0 fp16  B= 768 d= 384 macro=0.0789 ret=0.880 (8s)
seed0 sq8   B=  16 d=  16 macro=0.0040 ret=0.045 (1s)
seed0 sq8   B=  32 d=  32 macro=0.0088 ret=0.098 (1s)
seed0 sq8   B=  64 d=  64 macro=0.0203 ret=0.226 (2s)
seed0 sq8   B=  96 d=  96 macro=0.0331 ret=0.370 (2s)
seed0 sq8   B= 192 d= 192 macro=0.0593 ret=0.661 (4s)
seed0 sq8   B= 384 d= 384 macro=0.0789 ret=0.880 (7s)
seed0 sq8   B= 768 d= 768 macro=0.0818 ret=0.912 (11s)
seed0 sq4   B=  16 d=  32 macro=0.0083 ret=0.092 (2s)
seed0 sq4   B=  32 d=  64 macro=0.0196 ret=0.219 (2s)
seed0 sq4   B=  64 d= 128 macro=0.0426 ret=0.475 (4s)
seed0 sq4   B=  96 d= 192 macro=0.0580 ret=0.647 (5s)
seed0 sq4   B= 192 d= 384 macro=0.0769 ret=0.858 (10s)
seed0 sq4   B= 384 d= 768 macro=0.0801 ret=0.893 (18s)
seed1 f32   B=  16 d=   4 macro=0.0003 ret=0.004 (1s)
seed1 f32   B=  32 d=   8 macro=0.0015 ret=0.017 (1s)
seed1 f32   B=  64 d=  16 macro=0.0037 ret=0.042 (1s)
seed1 f32   B=  96 d=  24 macro=0.0054 ret=0.060 (10s)
seed1 f32   B= 192 d=  48 macro=0.0142 ret=0.158 (10s)
seed1 f32   B= 384 d=  96 macro=0.0330 ret=0.368 (11s)
seed1 f32   B= 768 d= 192 macro=0.0590 ret=0.658 (14s)
seed1 fp16  B=  16 d=   8 macro=0.0015 ret=0.017 (1s)
seed1 fp16  B=  32 d=  16 macro=0.0037 ret=0.042 (1s)
seed1 fp16  B=  64 d=  32 macro=0.0086 ret=0.096 (1s)
seed1 fp16  B=  96 d=  48 macro=0.0141 ret=0.158 (1s)
seed1 fp16  B= 192 d=  96 macro=0.0330 ret=0.368 (2s)
seed1 fp16  B= 384 d= 192 macro=0.0590 ret=0.658 (4s)
seed1 fp16  B= 768 d= 384 macro=0.0789 ret=0.879 (7s)
seed1 sq8   B=  16 d=  16 macro=0.0039 ret=0.043 (1s)
seed1 sq8   B=  32 d=  32 macro=0.0086 ret=0.096 (1s)
seed1 sq8   B=  64 d=  64 macro=0.0202 ret=0.225 (2s)
seed1 sq8   B=  96 d=  96 macro=0.0328 ret=0.365 (2s)
seed1 sq8   B= 192 d= 192 macro=0.0590 ret=0.658 (4s)
seed1 sq8   B= 384 d= 384 macro=0.0790 ret=0.881 (6s)
seed1 sq8   B= 768 d= 768 macro=0.0819 ret=0.913 (13s)
seed1 sq4   B=  16 d=  32 macro=0.0087 ret=0.097 (2s)
seed1 sq4   B=  32 d=  64 macro=0.0194 ret=0.216 (2s)
seed1 sq4   B=  64 d= 128 macro=0.0431 ret=0.480 (4s)
seed1 sq4   B=  96 d= 192 macro=0.0590 ret=0.658 (6s)
seed1 sq4   B= 192 d= 384 macro=0.0779 ret=0.869 (10s)
seed1 sq4   B= 384 d= 768 macro=0.0808 ret=0.901 (18s)
seed2 f32   B=  16 d=   4 macro=0.0004 ret=0.004 (1s)
seed2 f32   B=  32 d=   8 macro=0.0015 ret=0.017 (1s)
seed2 f32   B=  64 d=  16 macro=0.0039 ret=0.043 (1s)
seed2 f32   B=  96 d=  24 macro=0.0056 ret=0.062 (10s)
seed2 f32   B= 192 d=  48 macro=0.0142 ret=0.158 (10s)
seed2 f32   B= 384 d=  96 macro=0.0328 ret=0.366 (11s)
seed2 f32   B= 768 d= 192 macro=0.0594 ret=0.663 (13s)
seed2 fp16  B=  16 d=   8 macro=0.0015 ret=0.017 (1s)
seed2 fp16  B=  32 d=  16 macro=0.0039 ret=0.044 (1s)
seed2 fp16  B=  64 d=  32 macro=0.0084 ret=0.093 (1s)
seed2 fp16  B=  96 d=  48 macro=0.0142 ret=0.159 (1s)
seed2 fp16  B= 192 d=  96 macro=0.0329 ret=0.366 (2s)
seed2 fp16  B= 384 d= 192 macro=0.0594 ret=0.663 (4s)
seed2 fp16  B= 768 d= 384 macro=0.0789 ret=0.880 (8s)
seed2 sq8   B=  16 d=  16 macro=0.0038 ret=0.042 (1s)
seed2 sq8   B=  32 d=  32 macro=0.0085 ret=0.095 (1s)
seed2 sq8   B=  64 d=  64 macro=0.0202 ret=0.225 (2s)
seed2 sq8   B=  96 d=  96 macro=0.0330 ret=0.368 (2s)
seed2 sq8   B= 192 d= 192 macro=0.0594 ret=0.662 (4s)
seed2 sq8   B= 384 d= 384 macro=0.0791 ret=0.882 (7s)
seed2 sq8   B= 768 d= 768 macro=0.0820 ret=0.914 (13s)
seed2 sq4   B=  16 d=  32 macro=0.0082 ret=0.092 (2s)
seed2 sq4   B=  32 d=  64 macro=0.0192 ret=0.214 (2s)
seed2 sq4   B=  64 d= 128 macro=0.0413 ret=0.461 (4s)
seed2 sq4   B=  96 d= 192 macro=0.0582 ret=0.649 (6s)
seed2 sq4   B= 192 d= 384 macro=0.0773 ret=0.862 (10s)
seed2 sq4   B= 384 d= 768 macro=0.0808 ret=0.901 (18s)
seed3 f32   B=  16 d=   4 macro=0.0004 ret=0.004 (1s)
seed3 f32   B=  32 d=   8 macro=0.0014 ret=0.015 (1s)
seed3 f32   B=  64 d=  16 macro=0.0037 ret=0.042 (1s)
seed3 f32   B=  96 d=  24 macro=0.0056 ret=0.063 (10s)
seed3 f32   B= 192 d=  48 macro=0.0141 ret=0.158 (10s)
seed3 f32   B= 384 d=  96 macro=0.0326 ret=0.364 (11s)
seed3 f32   B= 768 d= 192 macro=0.0596 ret=0.665 (13s)
seed3 fp16  B=  16 d=   8 macro=0.0014 ret=0.015 (1s)
seed3 fp16  B=  32 d=  16 macro=0.0037 ret=0.041 (1s)
seed3 fp16  B=  64 d=  32 macro=0.0084 ret=0.094 (1s)
seed3 fp16  B=  96 d=  48 macro=0.0141 ret=0.157 (1s)
seed3 fp16  B= 192 d=  96 macro=0.0326 ret=0.364 (2s)
seed3 fp16  B= 384 d= 192 macro=0.0596 ret=0.664 (4s)
seed3 fp16  B= 768 d= 384 macro=0.0789 ret=0.879 (7s)
seed3 sq8   B=  16 d=  16 macro=0.0036 ret=0.040 (1s)
seed3 sq8   B=  32 d=  32 macro=0.0085 ret=0.095 (1s)
seed3 sq8   B=  64 d=  64 macro=0.0199 ret=0.222 (2s)
seed3 sq8   B=  96 d=  96 macro=0.0325 ret=0.363 (2s)
seed3 sq8   B= 192 d= 192 macro=0.0595 ret=0.664 (3s)
seed3 sq8   B= 384 d= 384 macro=0.0791 ret=0.882 (6s)
seed3 sq8   B= 768 d= 768 macro=0.0819 ret=0.913 (11s)
seed3 sq4   B=  16 d=  32 macro=0.0083 ret=0.093 (2s)
seed3 sq4   B=  32 d=  64 macro=0.0187 ret=0.208 (2s)
seed3 sq4   B=  64 d= 128 macro=0.0430 ret=0.480 (4s)
seed3 sq4   B=  96 d= 192 macro=0.0591 ret=0.659 (5s)
seed3 sq4   B= 192 d= 384 macro=0.0784 ret=0.875 (10s)
seed3 sq4   B= 384 d= 768 macro=0.0816 ret=0.910 (18s)
seed4 f32   B=  16 d=   4 macro=0.0004 ret=0.004 (1s)
seed4 f32   B=  32 d=   8 macro=0.0014 ret=0.016 (1s)
seed4 f32   B=  64 d=  16 macro=0.0040 ret=0.044 (1s)
seed4 f32   B=  96 d=  24 macro=0.0060 ret=0.067 (10s)
seed4 f32   B= 192 d=  48 macro=0.0145 ret=0.162 (11s)
seed4 f32   B= 384 d=  96 macro=0.0327 ret=0.365 (11s)
seed4 f32   B= 768 d= 192 macro=0.0591 ret=0.660 (14s)
seed4 fp16  B=  16 d=   8 macro=0.0014 ret=0.016 (1s)
seed4 fp16  B=  32 d=  16 macro=0.0040 ret=0.044 (1s)
seed4 fp16  B=  64 d=  32 macro=0.0088 ret=0.098 (1s)
seed4 fp16  B=  96 d=  48 macro=0.0145 ret=0.162 (1s)
seed4 fp16  B= 192 d=  96 macro=0.0327 ret=0.365 (2s)
seed4 fp16  B= 384 d= 192 macro=0.0591 ret=0.660 (4s)
seed4 fp16  B= 768 d= 384 macro=0.0788 ret=0.879 (7s)
seed4 sq8   B=  16 d=  16 macro=0.0039 ret=0.043 (1s)
seed4 sq8   B=  32 d=  32 macro=0.0087 ret=0.097 (1s)
seed4 sq8   B=  64 d=  64 macro=0.0203 ret=0.226 (2s)
seed4 sq8   B=  96 d=  96 macro=0.0327 ret=0.364 (2s)
seed4 sq8   B= 192 d= 192 macro=0.0590 ret=0.658 (4s)
seed4 sq8   B= 384 d= 384 macro=0.0790 ret=0.881 (6s)
seed4 sq8   B= 768 d= 768 macro=0.0818 ret=0.912 (11s)
seed4 sq4   B=  16 d=  32 macro=0.0089 ret=0.099 (2s)
seed4 sq4   B=  32 d=  64 macro=0.0197 ret=0.220 (3s)
seed4 sq4   B=  64 d= 128 macro=0.0435 ret=0.485 (4s)
seed4 sq4   B=  96 d= 192 macro=0.0588 ret=0.655 (5s)
seed4 sq4   B= 192 d= 384 macro=0.0778 ret=0.867 (10s)
seed4 sq4   B= 384 d= 768 macro=0.0813 ret=0.907 (18s)

retention mean/std over seeds
        mean                             std                        
fmt     f32    fp16     sq4     sq8     f32    fp16     sq4     sq8
B                                                                  
16   0.0041  0.0161  0.0945  0.0427  0.0002  0.0005  0.0033  0.0016
32   0.0161  0.0429  0.2154  0.0962  0.0005  0.0013  0.0045  0.0012
64   0.0428  0.0956  0.4762  0.2248  0.0011  0.0019  0.0093  0.0018
96   0.0626  0.1587  0.6537  0.3659  0.0029  0.0018  0.0055  0.0028
192  0.1587  0.3662  0.8661  0.6608  0.0016  0.0018  0.0064  0.0025
384  0.3660  0.6600  0.9023  0.8810  0.0018  0.0035  0.0066  0.0011
768  0.6600  0.8795     NaN  0.9128  0.0038  0.0004     NaN  0.0009
