queries kept 6685 / 6879; sources: {'cuad': 4034, 'maud': 1674, 'contractnli': 977}
raw macro 0.0684
seed0 f32   B=  16 d=   4 macro=0.0001 ret=0.002 (1s)
seed0 f32   B=  32 d=   8 macro=0.0013 ret=0.019 (1s)
seed0 f32   B=  64 d=  16 macro=0.0026 ret=0.038 (1s)
seed0 f32   B=  96 d=  24 macro=0.0052 ret=0.076 (10s)
seed0 f32   B= 192 d=  48 macro=0.0094 ret=0.138 (10s)
seed0 f32   B= 384 d=  96 macro=0.0250 ret=0.365 (11s)
seed0 f32   B= 768 d= 192 macro=0.0453 ret=0.662 (13s)
seed0 fp16  B=  16 d=   8 macro=0.0013 ret=0.019 (1s)
seed0 fp16  B=  32 d=  16 macro=0.0025 ret=0.037 (1s)
seed0 fp16  B=  64 d=  32 macro=0.0063 ret=0.092 (1s)
seed0 fp16  B=  96 d=  48 macro=0.0094 ret=0.138 (1s)
seed0 fp16  B= 192 d=  96 macro=0.0250 ret=0.365 (2s)
seed0 fp16  B= 384 d= 192 macro=0.0452 ret=0.662 (4s)
seed0 fp16  B= 768 d= 384 macro=0.0572 ret=0.837 (7s)
seed0 sq8   B=  16 d=  16 macro=0.0025 ret=0.037 (1s)
seed0 sq8   B=  32 d=  32 macro=0.0062 ret=0.091 (1s)
seed0 sq8   B=  64 d=  64 macro=0.0141 ret=0.206 (2s)
seed0 sq8   B=  96 d=  96 macro=0.0248 ret=0.363 (2s)
seed0 sq8   B= 192 d= 192 macro=0.0451 ret=0.660 (4s)
seed0 sq8   B= 384 d= 384 macro=0.0573 ret=0.838 (7s)
seed0 sq8   B= 768 d= 768 macro=0.0587 ret=0.859 (13s)
seed0 sq4   B=  16 d=  32 macro=0.0063 ret=0.092 (2s)
seed0 sq4   B=  32 d=  64 macro=0.0138 ret=0.202 (2s)
seed0 sq4   B=  64 d= 128 macro=0.0334 ret=0.488 (4s)
seed0 sq4   B=  96 d= 192 macro=0.0442 ret=0.647 (5s)
seed0 sq4   B= 192 d= 384 macro=0.0562 ret=0.822 (10s)
seed0 sq4   B= 384 d= 768 macro=0.0585 ret=0.855 (18s)
seed1 f32   B=  16 d=   4 macro=0.0002 ret=0.002 (1s)
seed1 f32   B=  32 d=   8 macro=0.0014 ret=0.020 (1s)
seed1 f32   B=  64 d=  16 macro=0.0025 ret=0.036 (1s)
seed1 f32   B=  96 d=  24 macro=0.0052 ret=0.076 (10s)
seed1 f32   B= 192 d=  48 macro=0.0093 ret=0.137 (10s)
seed1 f32   B= 384 d=  96 macro=0.0249 ret=0.364 (11s)
seed1 f32   B= 768 d= 192 macro=0.0454 ret=0.664 (13s)
seed1 fp16  B=  16 d=   8 macro=0.0014 ret=0.020 (1s)
seed1 fp16  B=  32 d=  16 macro=0.0024 ret=0.035 (1s)
seed1 fp16  B=  64 d=  32 macro=0.0062 ret=0.091 (1s)
seed1 fp16  B=  96 d=  48 macro=0.0093 ret=0.137 (1s)
seed1 fp16  B= 192 d=  96 macro=0.0249 ret=0.364 (2s)
seed1 fp16  B= 384 d= 192 macro=0.0454 ret=0.664 (4s)
seed1 fp16  B= 768 d= 384 macro=0.0572 ret=0.837 (7s)
seed1 sq8   B=  16 d=  16 macro=0.0024 ret=0.036 (1s)
seed1 sq8   B=  32 d=  32 macro=0.0063 ret=0.092 (1s)
seed1 sq8   B=  64 d=  64 macro=0.0138 ret=0.202 (2s)
seed1 sq8   B=  96 d=  96 macro=0.0249 ret=0.364 (2s)
seed1 sq8   B= 192 d= 192 macro=0.0452 ret=0.662 (4s)
seed1 sq8   B= 384 d= 384 macro=0.0571 ret=0.835 (7s)
seed1 sq8   B= 768 d= 768 macro=0.0588 ret=0.860 (13s)
seed1 sq4   B=  16 d=  32 macro=0.0061 ret=0.090 (2s)
seed1 sq4   B=  32 d=  64 macro=0.0140 ret=0.205 (3s)
seed1 sq4   B=  64 d= 128 macro=0.0345 ret=0.504 (4s)
seed1 sq4   B=  96 d= 192 macro=0.0439 ret=0.642 (5s)
seed1 sq4   B= 192 d= 384 macro=0.0567 ret=0.829 (10s)
seed1 sq4   B= 384 d= 768 macro=0.0581 ret=0.850 (19s)
seed2 f32   B=  16 d=   4 macro=0.0001 ret=0.002 (1s)
seed2 f32   B=  32 d=   8 macro=0.0013 ret=0.019 (1s)
seed2 f32   B=  64 d=  16 macro=0.0024 ret=0.035 (1s)
seed2 f32   B=  96 d=  24 macro=0.0053 ret=0.077 (10s)
seed2 f32   B= 192 d=  48 macro=0.0094 ret=0.137 (10s)
seed2 f32   B= 384 d=  96 macro=0.0252 ret=0.369 (11s)
seed2 f32   B= 768 d= 192 macro=0.0450 ret=0.658 (13s)
seed2 fp16  B=  16 d=   8 macro=0.0013 ret=0.018 (1s)
seed2 fp16  B=  32 d=  16 macro=0.0024 ret=0.035 (1s)
seed2 fp16  B=  64 d=  32 macro=0.0063 ret=0.093 (1s)
seed2 fp16  B=  96 d=  48 macro=0.0094 ret=0.137 (1s)
seed2 fp16  B= 192 d=  96 macro=0.0252 ret=0.369 (2s)
seed2 fp16  B= 384 d= 192 macro=0.0450 ret=0.658 (4s)
seed2 fp16  B= 768 d= 384 macro=0.0571 ret=0.835 (7s)
seed2 sq8   B=  16 d=  16 macro=0.0024 ret=0.035 (1s)
seed2 sq8   B=  32 d=  32 macro=0.0062 ret=0.091 (1s)
seed2 sq8   B=  64 d=  64 macro=0.0141 ret=0.206 (2s)
seed2 sq8   B=  96 d=  96 macro=0.0252 ret=0.369 (2s)
seed2 sq8   B= 192 d= 192 macro=0.0451 ret=0.660 (4s)
seed2 sq8   B= 384 d= 384 macro=0.0570 ret=0.834 (7s)
seed2 sq8   B= 768 d= 768 macro=0.0587 ret=0.859 (13s)
seed2 sq4   B=  16 d=  32 macro=0.0060 ret=0.087 (2s)
seed2 sq4   B=  32 d=  64 macro=0.0138 ret=0.201 (2s)
seed2 sq4   B=  64 d= 128 macro=0.0335 ret=0.490 (4s)
seed2 sq4   B=  96 d= 192 macro=0.0445 ret=0.651 (5s)
seed2 sq4   B= 192 d= 384 macro=0.0565 ret=0.826 (9s)
seed2 sq4   B= 384 d= 768 macro=0.0581 ret=0.851 (18s)
seed3 f32   B=  16 d=   4 macro=0.0002 ret=0.002 (1s)
seed3 f32   B=  32 d=   8 macro=0.0013 ret=0.018 (1s)
seed3 f32   B=  64 d=  16 macro=0.0024 ret=0.035 (1s)
seed3 f32   B=  96 d=  24 macro=0.0052 ret=0.077 (10s)
seed3 f32   B= 192 d=  48 macro=0.0095 ret=0.138 (10s)
seed3 f32   B= 384 d=  96 macro=0.0246 ret=0.360 (11s)
seed3 f32   B= 768 d= 192 macro=0.0449 ret=0.657 (13s)
seed3 fp16  B=  16 d=   8 macro=0.0013 ret=0.018 (1s)
seed3 fp16  B=  32 d=  16 macro=0.0024 ret=0.035 (1s)
seed3 fp16  B=  64 d=  32 macro=0.0062 ret=0.090 (1s)
seed3 fp16  B=  96 d=  48 macro=0.0095 ret=0.138 (1s)
seed3 fp16  B= 192 d=  96 macro=0.0246 ret=0.360 (2s)
seed3 fp16  B= 384 d= 192 macro=0.0449 ret=0.657 (4s)
seed3 fp16  B= 768 d= 384 macro=0.0572 ret=0.836 (7s)
seed3 sq8   B=  16 d=  16 macro=0.0024 ret=0.035 (1s)
seed3 sq8   B=  32 d=  32 macro=0.0062 ret=0.090 (1s)
seed3 sq8   B=  64 d=  64 macro=0.0141 ret=0.207 (2s)
seed3 sq8   B=  96 d=  96 macro=0.0248 ret=0.363 (2s)
seed3 sq8   B= 192 d= 192 macro=0.0450 ret=0.658 (3s)
seed3 sq8   B= 384 d= 384 macro=0.0572 ret=0.837 (6s)
seed3 sq8   B= 768 d= 768 macro=0.0586 ret=0.858 (11s)
seed3 sq4   B=  16 d=  32 macro=0.0057 ret=0.083 (2s)
seed3 sq4   B=  32 d=  64 macro=0.0136 ret=0.200 (2s)
seed3 sq4   B=  64 d= 128 macro=0.0335 ret=0.491 (4s)
seed3 sq4   B=  96 d= 192 macro=0.0443 ret=0.648 (6s)
seed3 sq4   B= 192 d= 384 macro=0.0565 ret=0.827 (10s)
seed3 sq4   B= 384 d= 768 macro=0.0585 ret=0.856 (18s)
seed4 f32   B=  16 d=   4 macro=0.0002 ret=0.003 (1s)
seed4 f32   B=  32 d=   8 macro=0.0013 ret=0.019 (1s)
seed4 f32   B=  64 d=  16 macro=0.0026 ret=0.038 (1s)
seed4 f32   B=  96 d=  24 macro=0.0050 ret=0.073 (10s)
seed4 f32   B= 192 d=  48 macro=0.0096 ret=0.140 (11s)
seed4 f32   B= 384 d=  96 macro=0.0246 ret=0.359 (11s)
seed4 f32   B= 768 d= 192 macro=0.0449 ret=0.657 (14s)
seed4 fp16  B=  16 d=   8 macro=0.0013 ret=0.019 (1s)
seed4 fp16  B=  32 d=  16 macro=0.0026 ret=0.038 (1s)
seed4 fp16  B=  64 d=  32 macro=0.0064 ret=0.093 (1s)
seed4 fp16  B=  96 d=  48 macro=0.0096 ret=0.140 (1s)
seed4 fp16  B= 192 d=  96 macro=0.0245 ret=0.359 (2s)
seed4 fp16  B= 384 d= 192 macro=0.0449 ret=0.656 (4s)
seed4 fp16  B= 768 d= 384 macro=0.0572 ret=0.837 (8s)
seed4 sq8   B=  16 d=  16 macro=0.0025 ret=0.037 (1s)
seed4 sq8   B=  32 d=  32 macro=0.0063 ret=0.093 (1s)
seed4 sq8   B=  64 d=  64 macro=0.0139 ret=0.203 (2s)
seed4 sq8   B=  96 d=  96 macro=0.0247 ret=0.361 (2s)
seed4 sq8   B= 192 d= 192 macro=0.0448 ret=0.655 (4s)
seed4 sq8   B= 384 d= 384 macro=0.0571 ret=0.836 (6s)
seed4 sq8   B= 768 d= 768 macro=0.0587 ret=0.859 (13s)
seed4 sq4   B=  16 d=  32 macro=0.0060 ret=0.088 (2s)
seed4 sq4   B=  32 d=  64 macro=0.0141 ret=0.207 (2s)
seed4 sq4   B=  64 d= 128 macro=0.0343 ret=0.502 (4s)
seed4 sq4   B=  96 d= 192 macro=0.0438 ret=0.641 (5s)
seed4 sq4   B= 192 d= 384 macro=0.0563 ret=0.823 (10s)
seed4 sq4   B= 384 d= 768 macro=0.0576 ret=0.843 (18s)

retention mean/std over seeds
        mean                             std                        
fmt     f32    fp16     sq4     sq8     f32    fp16     sq4     sq8
B                                                                  
16   0.0023  0.0188  0.0879  0.0359  0.0002  0.0006  0.0034  0.0009
32   0.0189  0.0360  0.2029  0.0915  0.0006  0.0013  0.0028  0.0009
64   0.0365  0.0920  0.4949  0.2048  0.0016  0.0013  0.0075  0.0023
96   0.0756  0.1380  0.6457  0.3641  0.0017  0.0013  0.0043  0.0031
192  0.1380  0.3634  0.8255  0.6590  0.0014  0.0041  0.0031  0.0027
384  0.3635  0.6594  0.8510  0.8360  0.0040  0.0031  0.0053  0.0016
768  0.6594  0.8364     NaN  0.8587  0.0032  0.0008     NaN  0.0008
