queries kept 6685 / 6879; sources: {'cuad': 4034, 'maud': 1674, 'contractnli': 977}
raw macro 0.0705
seed0 f32   B=  16 d=   4 macro=0.0001 ret=0.002 (1s)
seed0 f32   B=  32 d=   8 macro=0.0012 ret=0.017 (1s)
seed0 f32   B=  64 d=  16 macro=0.0029 ret=0.041 (1s)
seed0 f32   B=  96 d=  24 macro=0.0058 ret=0.082 (9s)
seed0 f32   B= 192 d=  48 macro=0.0105 ret=0.149 (9s)
seed0 f32   B= 384 d=  96 macro=0.0255 ret=0.362 (9s)
seed0 f32   B= 768 d= 192 macro=0.0455 ret=0.646 (11s)
seed0 fp16  B=  16 d=   8 macro=0.0012 ret=0.017 (1s)
seed0 fp16  B=  32 d=  16 macro=0.0029 ret=0.041 (1s)
seed0 fp16  B=  64 d=  32 macro=0.0068 ret=0.097 (1s)
seed0 fp16  B=  96 d=  48 macro=0.0106 ret=0.150 (1s)
seed0 fp16  B= 192 d=  96 macro=0.0255 ret=0.362 (2s)
seed0 fp16  B= 384 d= 192 macro=0.0456 ret=0.646 (3s)
seed0 fp16  B= 768 d= 384 macro=0.0582 ret=0.825 (7s)
seed0 sq8   B=  16 d=  16 macro=0.0029 ret=0.041 (1s)
seed0 sq8   B=  32 d=  32 macro=0.0068 ret=0.096 (1s)
seed0 sq8   B=  64 d=  64 macro=0.0152 ret=0.215 (2s)
seed0 sq8   B=  96 d=  96 macro=0.0254 ret=0.360 (2s)
seed0 sq8   B= 192 d= 192 macro=0.0455 ret=0.644 (3s)
seed0 sq8   B= 384 d= 384 macro=0.0581 ret=0.824 (6s)
seed0 sq8   B= 768 d= 768 macro=0.0598 ret=0.848 (12s)
seed0 sq4   B=  16 d=  32 macro=0.0068 ret=0.096 (2s)
seed0 sq4   B=  32 d=  64 macro=0.0146 ret=0.206 (2s)
seed0 sq4   B=  64 d= 128 macro=0.0339 ret=0.481 (4s)
seed0 sq4   B=  96 d= 192 macro=0.0438 ret=0.621 (5s)
seed0 sq4   B= 192 d= 384 macro=0.0576 ret=0.816 (9s)
seed0 sq4   B= 384 d= 768 macro=0.0592 ret=0.839 (18s)
seed1 f32   B=  16 d=   4 macro=0.0001 ret=0.002 (1s)
seed1 f32   B=  32 d=   8 macro=0.0013 ret=0.018 (1s)
seed1 f32   B=  64 d=  16 macro=0.0028 ret=0.040 (1s)
seed1 f32   B=  96 d=  24 macro=0.0058 ret=0.082 (9s)
seed1 f32   B= 192 d=  48 macro=0.0106 ret=0.150 (9s)
seed1 f32   B= 384 d=  96 macro=0.0257 ret=0.364 (9s)
seed1 f32   B= 768 d= 192 macro=0.0458 ret=0.649 (11s)
seed1 fp16  B=  16 d=   8 macro=0.0013 ret=0.018 (1s)
seed1 fp16  B=  32 d=  16 macro=0.0028 ret=0.040 (1s)
seed1 fp16  B=  64 d=  32 macro=0.0067 ret=0.095 (1s)
seed1 fp16  B=  96 d=  48 macro=0.0105 ret=0.150 (1s)
seed1 fp16  B= 192 d=  96 macro=0.0257 ret=0.364 (2s)
seed1 fp16  B= 384 d= 192 macro=0.0457 ret=0.649 (4s)
seed1 fp16  B= 768 d= 384 macro=0.0581 ret=0.824 (6s)
seed1 sq8   B=  16 d=  16 macro=0.0028 ret=0.040 (1s)
seed1 sq8   B=  32 d=  32 macro=0.0066 ret=0.094 (1s)
seed1 sq8   B=  64 d=  64 macro=0.0153 ret=0.216 (2s)
seed1 sq8   B=  96 d=  96 macro=0.0257 ret=0.364 (2s)
seed1 sq8   B= 192 d= 192 macro=0.0458 ret=0.649 (3s)
seed1 sq8   B= 384 d= 384 macro=0.0582 ret=0.825 (6s)
seed1 sq8   B= 768 d= 768 macro=0.0597 ret=0.846 (12s)
seed1 sq4   B=  16 d=  32 macro=0.0064 ret=0.091 (2s)
seed1 sq4   B=  32 d=  64 macro=0.0144 ret=0.204 (2s)
seed1 sq4   B=  64 d= 128 macro=0.0349 ret=0.494 (4s)
seed1 sq4   B=  96 d= 192 macro=0.0456 ret=0.647 (5s)
seed1 sq4   B= 192 d= 384 macro=0.0574 ret=0.813 (9s)
seed1 sq4   B= 384 d= 768 macro=0.0586 ret=0.831 (18s)
seed2 f32   B=  16 d=   4 macro=0.0001 ret=0.002 (1s)
seed2 f32   B=  32 d=   8 macro=0.0012 ret=0.017 (1s)
seed2 f32   B=  64 d=  16 macro=0.0029 ret=0.041 (1s)
seed2 f32   B=  96 d=  24 macro=0.0060 ret=0.084 (9s)
seed2 f32   B= 192 d=  48 macro=0.0105 ret=0.149 (9s)
seed2 f32   B= 384 d=  96 macro=0.0258 ret=0.366 (9s)
seed2 f32   B= 768 d= 192 macro=0.0455 ret=0.645 (12s)
seed2 fp16  B=  16 d=   8 macro=0.0012 ret=0.017 (1s)
seed2 fp16  B=  32 d=  16 macro=0.0029 ret=0.041 (1s)
seed2 fp16  B=  64 d=  32 macro=0.0068 ret=0.096 (1s)
seed2 fp16  B=  96 d=  48 macro=0.0105 ret=0.149 (1s)
seed2 fp16  B= 192 d=  96 macro=0.0259 ret=0.367 (2s)
seed2 fp16  B= 384 d= 192 macro=0.0455 ret=0.645 (4s)
seed2 fp16  B= 768 d= 384 macro=0.0581 ret=0.823 (7s)
seed2 sq8   B=  16 d=  16 macro=0.0029 ret=0.041 (1s)
seed2 sq8   B=  32 d=  32 macro=0.0068 ret=0.096 (1s)
seed2 sq8   B=  64 d=  64 macro=0.0154 ret=0.219 (2s)
seed2 sq8   B=  96 d=  96 macro=0.0258 ret=0.366 (2s)
seed2 sq8   B= 192 d= 192 macro=0.0455 ret=0.645 (3s)
seed2 sq8   B= 384 d= 384 macro=0.0583 ret=0.826 (6s)
seed2 sq8   B= 768 d= 768 macro=0.0595 ret=0.844 (12s)
seed2 sq4   B=  16 d=  32 macro=0.0062 ret=0.087 (2s)
seed2 sq4   B=  32 d=  64 macro=0.0147 ret=0.209 (2s)
seed2 sq4   B=  64 d= 128 macro=0.0339 ret=0.481 (4s)
seed2 sq4   B=  96 d= 192 macro=0.0448 ret=0.635 (5s)
seed2 sq4   B= 192 d= 384 macro=0.0575 ret=0.815 (9s)
seed2 sq4   B= 384 d= 768 macro=0.0586 ret=0.830 (18s)

retention mean/std over seeds
        mean                             std                        
fmt     f32    fp16     sq4     sq8     f32    fp16     sq4     sq8
B                                                                  
16   0.0016  0.0174  0.0915  0.0404  0.0000  0.0006  0.0044  0.0007
32   0.0174  0.0406  0.2066  0.0955  0.0006  0.0006  0.0023  0.0012
64   0.0406  0.0959  0.4855  0.2167  0.0005  0.0011  0.0076  0.0018
96   0.0828  0.1495  0.6341  0.3636  0.0014  0.0004  0.0129  0.0033
192  0.1493  0.3642  0.8147  0.6462  0.0003  0.0026  0.0015  0.0027
384  0.3641  0.6465  0.8335  0.8248  0.0024  0.0018  0.0050  0.0011
768  0.6467  0.8240     NaN  0.8460  0.0019  0.0007     NaN  0.0023
